// Jest Snapshot v1, https://goo.gl/fbAQLP

exports[`Box tests Snapshot 1`] = `
<div
  className="sc-dnqmqq dqQiYf"
  style={
    Object {
      "height": false,
      "position": false,
      "transform": "",
      "width": false,
      "zIndex": false,
    }
  }
>
  <span
    className="sc-bdVaJa QXyNA"
  />
  <img
    className="sc-bwzfXH gnkQvR"
    src={null}
  />
  <h1
    className="sc-htpNat fulttM"
  >
    Test title
  </h1>
  <h3
    className="sc-bxivhb efitiw"
  >
    Test sub
  </h3>
</div>
`;
