// Jest Snapshot v1, https://goo.gl/fbAQLP

exports[`Lists tests Snapshot 1`] = `
<div
  className="sc-EHOje bvpTXn"
  style={
    Object {
      "height": false,
      "position": false,
      "transform": "",
      "width": false,
      "zIndex": false,
    }
  }
>
  <span
    className="sc-bdVaJa hUrPbB"
  >
    01
  </span>
  <img
    className="sc-bwzfXH kbkKXG"
    src={null}
  />
  <h1
    className="sc-htpNat fkEake"
  >
    Test title
  </h1>
  <h3
    className="sc-bxivhb xNlgE"
  >
    Test sub
  </h3>
</div>
`;

exports[`Snapshot 1`] = `
<div
  className="sc-EHOje bvpTXn"
  style={
    Object {
      "height": false,
      "position": false,
      "transform": "",
      "width": false,
      "zIndex": false,
    }
  }
>
  <span
    className="sc-bdVaJa hUrPbB"
  >
    01
  </span>
  <img
    className="sc-bwzfXH kbkKXG"
    src={null}
  />
  <h1
    className="sc-htpNat fkEake"
  >
    Test title
  </h1>
  <h3
    className="sc-bxivhb xNlgE"
  >
    Test sub
  </h3>
</div>
`;
